// Jest Snapshot v1, https://goo.gl/fbAQLP

exports[`Search component renders Search 1`] = `
<Fragment>
  <section>
    <form
      onSubmit={[Function]}
    >
      <input
        onChange={[Function]}
        type="text"
        value="The Beatles"
      />
      <button
        type="submit"
      >
        Submit
      </button>
    </form>
  </section>
  <section>
    <ul />
  </section>
</Fragment>
`;
